2025-10-13 16:08:20,726 [INFO] ✔ Sucessfully 1 indeed accounts load
2025-10-13 16:08:22,065 [INFO] Opened Job : 
 https://indeed.com/rc/clk?jk=463d2b39305fa9fa&bb=lxtogfyiVI3I-N4bpKxlClrP5vUUnFTCyspEUdXWaDzP4Deq4kLX3Xn9nqPY_irELCfW6HSroy_YLBSqzqpyQIRN0Zm2pK4K6-R-ErBhlQAu0GKEENB6ReURGMKqx0OUrenEh_3otgXttpxdvTZhzA%3D%3D&xkcb=SoC767M3snSkVxS5BZ0CbzkdCdPP&fccid=d83e5700fef2c555&cmp=BRMS-Global-Systems&ti=Ai%2Fml+Engineer&vjs=3
2025-10-13 16:08:24,457 [INFO] Step 1 done.
2025-10-13 16:08:30,824 [INFO] Successfully clicked on 'Apply now' button.
2025-10-13 16:08:40,017 [INFO] ✅ Page fully loaded after clicking 'Apply Now' button.
2025-10-13 16:08:40,572 [INFO] 🔍 Checking iframe: https://us.smartapply.indeed.com/beta/indeedapply/form/contact-info-module
2025-10-13 16:08:40,870 [INFO] ✅ Clicked contact-info-module 'Continue' inside iframe (#1).
2025-10-13 16:08:45,879 [INFO] ✅ Page fully loaded after clicking 'contact-info-module' button.
2025-10-13 16:08:46,495 [INFO] 🔍 Checking iframe: https://us.smartapply.indeed.com/beta/indeedapply/form/profile-location
2025-10-13 16:08:46,603 [INFO] ✅ Clicked profile-location 'Continue' inside iframe (#0).
2025-10-13 16:08:54,610 [INFO] ✅ Page fully loaded after clicking 'profile-location' button.
2025-10-13 16:08:55,103 [INFO] 🔍 Checking iframe: https://us.smartapply.indeed.com/beta/indeedapply/form/resume-selection-module/resume-selection
2025-10-13 16:08:55,189 [INFO] ✅ Clicked resume 'Continue' inside iframe (#0).
2025-10-13 16:08:59,197 [INFO] ✅ Page fully loaded after clicking 'resume' button.
2025-10-13 16:09:00,250 [INFO] 🔍 Checking iframe: https://us.smartapply.indeed.com/beta/indeedapply/form/resume-module/relevant-experience
2025-10-13 16:09:00,319 [INFO] ✅ Clicked relevant-experience 'Continue' inside iframe (#0).
2025-10-13 16:09:10,327 [INFO] ✅ Page fully loaded after clicking 'relevant-experience' button.
2025-10-13 16:09:10,327 [INFO] Step 2 done.
2025-10-13 16:09:10,328 [WARNING] Failed to process https://indeed.com/rc/clk?jk=463d2b39305fa9fa&bb=lxtogfyiVI3I-N4bpKxlClrP5vUUnFTCyspEUdXWaDzP4Deq4kLX3Xn9nqPY_irELCfW6HSroy_YLBSqzqpyQIRN0Zm2pK4K6-R-ErBhlQAu0GKEENB6ReURGMKqx0OUrenEh_3otgXttpxdvTZhzA%3D%3D&xkcb=SoC767M3snSkVxS5BZ0CbzkdCdPP&fccid=d83e5700fef2c555&cmp=BRMS-Global-Systems&ti=Ai%2Fml+Engineer&vjs=3: module 'utils.helper' has no attribute 'upload_coverletter_and_submit_application'
2025-10-13 16:09:10,519 [INFO] Opened Job : 
 https://indeed.com/rc/clk?jk=2b3329621c941901&bb=lxtogfyiVI3I-N4bpKxlCsJhFoVz6-WxYhnUWnZ6DPTc8i1opoTiC5pQdSI5ffWeFGTneqDXu5yC5EpIm3-8Iq2_95fZmfSsHkoKckkHX2-FQSBo3ifKuRpiAa_3vP5uX1NWtAFCl5AwGge6LbFB8A%3D%3D&xkcb=SoAm67M3snSkVxS5BZ0BbzkdCdPP&fccid=d83e5700fef2c555&cmp=BRMS-Global-Systems&ti=Data+Scientist&vjs=3
2025-10-13 16:09:12,199 [INFO] Step 1 done.
2025-10-13 16:09:17,406 [INFO] Successfully clicked on 'Apply now' button.
